
> skill-issue-backend@1.0.0 start
> node server.js

🔄 Connecting to MongoDB...
📍 URI: mongodb+srv://Tejasava:****@cluster0.hptw5qi.mongodb.net/skillissue?retryWrites=true&w=majority
✅ MongoDB connected successfully
📊 Database: skillissue
node:events:497
      throw er; // Unhandled 'error' event
      ^

Error: listen EADDRINUSE: address already in use :::5001
    at Server.setupListenHandle [as _listen2] (node:net:1940:16)
    at listenInCluster (node:net:1997:12)
    at Server.listen (node:net:2102:7)
    at /Users/tejasavayadav/Desktop/Skill Issue/skill-sync-hub-main/backend/server.js:138:10
    at process.processTicksAndRejections (node:internal/process/task_queues:105:5)
Emitted 'error' event on Server instance at:
    at emitErrorNT (node:net:1976:8)
    at process.processTicksAndRejections (node:internal/process/task_queues:90:21) {
  code: 'EADDRINUSE',
  errno: -48,
  syscall: 'listen',
  address: '::',
  port: 5001
}

Node.js v22.20.0
